List 0: 1 -> c -> 3200.00
List 1: a -> b -> character -> 324
