List 0: 1 -> c -> 3200.00
List 1: a -> b -> character -> 324
Nested 0: {List 1} -> 1 -> c -> 3200.00
Number of lists: 2
Nested 0
List 1
List 0: 1 -> c -> 3200.00
Number of lists: 2
List 0
List 1