List 0: 1 -> c -> 3200.00
List 1: a -> b -> character -> 324
1 -> c -> 3200.00
char -> char -> string -> int
Number of lists: 2
List 0
List 1
List 1 has been removed.

Number of lists: 1
List 0
Number of lists: 1
List 0