List 0:
INVALID COMMAND: VIEW
INVALID COMMAND: VIEW
INVALID COMMAND: TYPE
List 1: