List 0: 1 -> c -> 3200.00
List 0 has been removed.

Number of lists: 0
List 1: 1 -> 2 -> 3
INVALID COMMAND: INPUT
Number of lists: 1
List 1
INVALID COMMAND: NEW