INVALID COMMAND: INSERT
INVALID COMMAND: INSERT
INVALID COMMAND: TYPE
List 0: 1 -> 2 -> 3
List 0: 1 -> 2 -> 3 -> 4
INVALID COMMAND: INSERT