List 0: 1 -> c -> 3200.00
List 1: 1 -> 2 -> 3
List 0: c -> 3200.00
INVALID COMMAND: DELETE
List 0: c
List 0: 